// Jest Snapshot v1, https://goo.gl/fbAQLP

exports[`Sql builder  many covers case with all filters (without after) 1`] = `"select \\"txs\\".\\"id\\" as \\"id\\", (fee * 10^(-8)) :: DOUBLE PRECISION as \\"fee\\", array_agg(recipient) as \\"recipients\\", array_agg (amount * 10^(-ad.decimals) :: double precision) as \\"amounts\\", \\"height\\" as \\"height\\", \\"tx_type\\" as \\"tx_type\\", \\"time_stamp\\" as \\"time_stamp\\", \\"signature\\" as \\"signature\\", \\"proofs\\" as \\"proofs\\", \\"tx_version\\" as \\"tx_version\\", \\"sender\\" as \\"sender\\", \\"sender_public_key\\" as \\"sender_public_key\\", \\"txs\\".\\"asset_id\\" as \\"asset_id\\", \\"attachment\\" as \\"attachment\\" from (select * from \\"txs_11\\" where \\"txs_11\\".\\"id\\" in (select \\"tx_id\\" from \\"txs_11_transfers\\" where \\"recipient\\" = 'recipient') and \\"sender\\" = 'sender' and \\"time_stamp\\" >= 'timeStart' and \\"time_stamp\\" <= 'timeEnd' order by \\"time_stamp\\" asc, \\"id\\" asc limit 1) as \\"txs\\" inner join (select \\"recipient\\", \\"amount\\", \\"tx_id\\" from \\"txs_11_transfers\\") as \\"tfs\\" on \\"tfs\\".\\"tx_id\\" = \\"txs\\".\\"id\\" inner join (select * from \\"asset_decimals\\") as \\"ad\\" on \\"ad\\".\\"asset_id\\" = \\"txs\\".\\"asset_id\\" group by \\"txs\\".\\"id\\", \\"fee\\", \\"height\\", \\"tx_type\\", \\"time_stamp\\", \\"signature\\", \\"proofs\\", \\"tx_version\\", \\"sender\\", \\"sender_public_key\\", \\"txs\\".\\"asset_id\\", \\"attachment\\" order by \\"time_stamp\\" asc, \\"id\\" asc"`;

exports[`Sql builder  many covers case with all filters with after 1`] = `"select \\"txs\\".\\"id\\" as \\"id\\", (fee * 10^(-8)) :: DOUBLE PRECISION as \\"fee\\", array_agg(recipient) as \\"recipients\\", array_agg (amount * 10^(-ad.decimals) :: double precision) as \\"amounts\\", \\"height\\" as \\"height\\", \\"tx_type\\" as \\"tx_type\\", \\"time_stamp\\" as \\"time_stamp\\", \\"signature\\" as \\"signature\\", \\"proofs\\" as \\"proofs\\", \\"tx_version\\" as \\"tx_version\\", \\"sender\\" as \\"sender\\", \\"sender_public_key\\" as \\"sender_public_key\\", \\"txs\\".\\"asset_id\\" as \\"asset_id\\", \\"attachment\\" as \\"attachment\\" from (select * from \\"txs_11\\" where \\"txs_11\\".\\"id\\" in (select \\"tx_id\\" from \\"txs_11_transfers\\" where \\"recipient\\" = 'recipient') and (time_stamp, id) > ('timestamp', 'id') and \\"sender\\" = 'sender' and \\"time_stamp\\" >= 'timeStart' and \\"time_stamp\\" <= 'timeEnd' order by \\"time_stamp\\" asc, \\"id\\" asc limit 1) as \\"txs\\" inner join (select \\"recipient\\", \\"amount\\", \\"tx_id\\" from \\"txs_11_transfers\\") as \\"tfs\\" on \\"tfs\\".\\"tx_id\\" = \\"txs\\".\\"id\\" inner join (select * from \\"asset_decimals\\") as \\"ad\\" on \\"ad\\".\\"asset_id\\" = \\"txs\\".\\"asset_id\\" group by \\"txs\\".\\"id\\", \\"fee\\", \\"height\\", \\"tx_type\\", \\"time_stamp\\", \\"signature\\", \\"proofs\\", \\"tx_version\\", \\"sender\\", \\"sender_public_key\\", \\"txs\\".\\"asset_id\\", \\"attachment\\" order by \\"time_stamp\\" asc, \\"id\\" asc"`;

exports[`Sql builder  one works 1`] = `"select \\"txs\\".\\"id\\" as \\"id\\", (fee * 10^(-8)) :: DOUBLE PRECISION as \\"fee\\", array_agg(recipient) as \\"recipients\\", array_agg (amount * 10^(-ad.decimals) :: double precision) as \\"amounts\\", \\"height\\" as \\"height\\", \\"tx_type\\" as \\"tx_type\\", \\"time_stamp\\" as \\"time_stamp\\", \\"signature\\" as \\"signature\\", \\"proofs\\" as \\"proofs\\", \\"tx_version\\" as \\"tx_version\\", \\"sender\\" as \\"sender\\", \\"sender_public_key\\" as \\"sender_public_key\\", \\"txs\\".\\"asset_id\\" as \\"asset_id\\", \\"attachment\\" as \\"attachment\\" from (select * from \\"txs_11\\" where \\"txs_11\\".\\"id\\" = 'id') as \\"txs\\" inner join (select \\"recipient\\", \\"amount\\", \\"tx_id\\" from \\"txs_11_transfers\\") as \\"tfs\\" on \\"tfs\\".\\"tx_id\\" = \\"txs\\".\\"id\\" inner join (select * from \\"asset_decimals\\") as \\"ad\\" on \\"ad\\".\\"asset_id\\" = \\"txs\\".\\"asset_id\\" group by \\"txs\\".\\"id\\", \\"fee\\", \\"height\\", \\"tx_type\\", \\"time_stamp\\", \\"signature\\", \\"proofs\\", \\"tx_version\\", \\"sender\\", \\"sender_public_key\\", \\"txs\\".\\"asset_id\\", \\"attachment\\""`;
